// Jest Snapshot v1, https://goo.gl/fbAQLP

exports[`@components/_base-grid renders its content 1`] = `
<div class="tableContainer">
  <div class="paginationContainer">
    <div class="pageInfo">Showing <strong>
          1
        </strong> - <strong>
          5
        </strong> of <strong>
          26
        </strong></div>
    <ul name="Pagination" class="pagination">
      <!---->
      <li class="pageItem currentPage"><a href="#" class="pageLink">1</a></li>
      <li class="pageItem"><a href="#" class="pageLink">2</a></li>
      <li class="pageItem"><a href="#" class="pageLink">3</a></li>
      <li class="pageItem"><a href="#" class="pageLink">4</a></li>
      <li class="pageItem"><a href="#" class="pageLink">5</a></li>
      <li class="pageItem"><a href="#" class="pageLink">6</a></li>
      <li class="pageItem"><a href="#" class="pageLink">
          <basefasicon-stub source="font-awesome" name="angle-right"></basefasicon-stub>
        </a></li>
    </ul>
    <div class="perPageContainer">
      <div class="perPageHeader">Per Page: </div>
      <baseselect-stub value="5" size="small" editable="true" change="() => {
          /* istanbul ignore next */cov_2oakgc951z.f[3]++;
        }"></baseselect-stub>
    </div>
  </div>
  <table class="table">
    <thead>
      <tr>
        <!---->
        <th>
          <div class="headerItem headerItemSort">
            <div>Last Name</div>
            <basefasicon-stub source="font-awesome" name="sort" class="sortIcon"></basefasicon-stub>
          </div>
        </th>
        <th>
          <div class="headerItem headerItemSort">
            <div>First Name</div>
            <basefasicon-stub source="font-awesome" name="sort" class="sortIcon"></basefasicon-stub>
          </div>
        </th>
        <th>
          <div class="headerItem">
            <div>ID</div>
          </div>
        </th>
        <th>
          <div class="headerItem">
            <div>Disposition</div>
          </div>
        </th>
        <th>
          <div class="headerItem">
            <div>Date</div>
          </div>
        </th>
      </tr>
    </thead>
    <tbody></tbody>
  </table>
  <div class="paginationContainer">
    <div class="pageInfo">Showing <strong>
          1
        </strong> - <strong>
          5
        </strong> of <strong>
          26
        </strong></div>
    <ul name="Pagination" class="pagination">
      <!---->
      <li class="pageItem currentPage"><a href="#" class="pageLink">1</a></li>
      <li class="pageItem"><a href="#" class="pageLink">2</a></li>
      <li class="pageItem"><a href="#" class="pageLink">3</a></li>
      <li class="pageItem"><a href="#" class="pageLink">4</a></li>
      <li class="pageItem"><a href="#" class="pageLink">5</a></li>
      <li class="pageItem"><a href="#" class="pageLink">6</a></li>
      <li class="pageItem"><a href="#" class="pageLink">
          <basefasicon-stub source="font-awesome" name="angle-right"></basefasicon-stub>
        </a></li>
    </ul>
    <div class="perPageContainer">
      <div class="perPageHeader">Per Page: </div>
      <baseselect-stub value="5" size="small" editable="true" change="() => {
          /* istanbul ignore next */cov_2oakgc951z.f[3]++;
        }"></baseselect-stub>
    </div>
  </div>
</div>
`;
